<?xml version="1.0" encoding="UTF-8"?>
<TestRun id="fddae4dd-dd1d-46be-91fe-c648e4524f3d" name="kalwal@SEGOT-3TT45Q1 2012-09-17 22:23:44" runUser="KODEXE\kalwal" xmlns="http://microsoft.com/schemas/VisualStudio/TeamTest/2010">
  <TestSettings name="Local" id="a58baa0d-ae03-49b1-854d-7dff66e1198a">
    <Description>These are default test settings for a local test run.</Description>
    <Deployment userDeploymentRoot="C:\Users\kalwal\documents\visual studio 2010\Projects\ConsoleApplication1\TestResults" useDefaultDeploymentRoot="false" enabled="false" runDeploymentRoot="kalwal_SEGOT-3TT45Q1 2012-09-17 22_23_44">
      <DeploymentItem filename="C:\Users\kalwal\documents\visual studio 2010\Projects\GoL.Entities\GoL.Entities\bin\Debug\GoL.Entities.dll" />
      <DeploymentItem filename="C:\Users\kalwal\documents\visual studio 2010\Projects\ConsoleApplication1\ConsoleApplication1\bin\Debug\GoL.App.exe" />
    </Deployment>
    <Execution>
      <TestTypeSpecific />
      <AgentRule name="Execution Agents">
      </AgentRule>
    </Execution>
  </TestSettings>
  <Times creation="2012-09-17T22:23:44.5715484+02:00" queuing="2012-09-17T22:23:45.2445869+02:00" start="2012-09-17T22:23:45.4946012+02:00" finish="2012-09-17T22:24:10.0930081+02:00" />
  <ResultSummary outcome="Error">
    <Counters total="1" executed="1" error="0" failed="0" timeout="0" aborted="1" inconclusive="0" passedButRunAborted="0" notRunnable="0" notExecuted="0" disconnected="0" warning="0" passed="0" completed="0" inProgress="0" pending="0" />
    <RunInfos>
      <RunInfo computerName="SEGOT-3TT45Q1" outcome="Error" timestamp="2012-09-17T22:24:10.0920081+02:00">
        <Text>Test host process exited unexpectedly.</Text>
      </RunInfo>
    </RunInfos>
  </ResultSummary>
  <TestDefinitions>
    <UnitTest name="CellsWithMoreThanThreeNeighboursDie" storage="c:\users\kalwal\documents\visual studio 2010\projects\gol.tests\gol.tests\bin\debug\gol.tests.dll" id="63623330-7756-3f05-fd5d-c007bf106418">
      <Execution id="9461950a-78ee-4481-b2da-c9cf2682d01e" />
      <TestMethod codeBase="C:/Users/kalwal/documents/visual studio 2010/Projects/GoL.Tests/GoL.Tests/bin/Debug/GoL.Tests.DLL" adapterTypeName="Microsoft.VisualStudio.TestTools.TestTypes.Unit.UnitTestAdapter, Microsoft.VisualStudio.QualityTools.Tips.UnitTest.Adapter, Version=10.0.0.0, Culture=neutral, PublicKeyToken=b03f5f7f11d50a3a" className="GoL.Tests.UnitTests, GoL.Tests, Version=1.0.0.0, Culture=neutral, PublicKeyToken=null" name="CellsWithMoreThanThreeNeighboursDie" />
    </UnitTest>
  </TestDefinitions>
  <TestLists>
    <TestList name="Results Not in a List" id="8c84fa94-04c1-424b-9868-57a2d4851a1d" />
    <TestList name="All Loaded Results" id="19431567-8539-422a-85d7-44ee4e166bda" />
  </TestLists>
  <TestEntries>
    <TestEntry testId="63623330-7756-3f05-fd5d-c007bf106418" executionId="9461950a-78ee-4481-b2da-c9cf2682d01e" testListId="8c84fa94-04c1-424b-9868-57a2d4851a1d" />
  </TestEntries>
  <Results>
    <UnitTestResult executionId="9461950a-78ee-4481-b2da-c9cf2682d01e" testId="63623330-7756-3f05-fd5d-c007bf106418" testName="CellsWithMoreThanThreeNeighboursDie" computerName="SEGOT-3TT45Q1" duration="00:00:24.4623991" startTime="2012-09-17T22:23:45.6306090+02:00" endTime="2012-09-17T22:24:10.0930081+02:00" testType="13cdc9d9-ddb5-4fa4-a97d-d965ccfc6d4b" outcome="Aborted" testListId="8c84fa94-04c1-424b-9868-57a2d4851a1d" relativeResultsDirectory="9461950a-78ee-4481-b2da-c9cf2682d01e">
    </UnitTestResult>
  </Results>
</TestRun>