<?xml version="1.0" encoding="UTF-8"?>
<TestRun id="1cc8aa67-c3a5-4b43-888e-f7d0135a4a3d" name="kalwal@SEGOT-3TT45Q1 2012-09-17 16:31:18" runUser="KODEXE\kalwal" xmlns="http://microsoft.com/schemas/VisualStudio/TeamTest/2010">
  <TestSettings name="Local" id="a58baa0d-ae03-49b1-854d-7dff66e1198a">
    <Description>These are default test settings for a local test run.</Description>
    <Deployment enabled="false" runDeploymentRoot="kalwal_SEGOT-3TT45Q1 2012-09-17 16_31_18">
      <DeploymentItem filename="C:\Users\kalwal\documents\visual studio 2010\Projects\GoL.Entities\GoL.Entities\bin\Debug\GoL.Entities.dll" />
      <DeploymentItem filename="C:\Users\kalwal\documents\visual studio 2010\Projects\ConsoleApplication1\ConsoleApplication1\bin\Debug\GoL.App.exe" />
    </Deployment>
    <Execution>
      <TestTypeSpecific />
      <AgentRule name="Execution Agents">
      </AgentRule>
    </Execution>
  </TestSettings>
  <Times creation="2012-09-17T16:31:18.4204419+02:00" queuing="2012-09-17T16:31:21.4786168+02:00" start="2012-09-17T16:31:21.6046240+02:00" finish="2012-09-17T16:31:22.6886860+02:00" />
  <ResultSummary outcome="Failed">
    <Counters total="1" executed="1" error="0" failed="1" timeout="0" aborted="0" inconclusive="0" passedButRunAborted="0" notRunnable="0" notExecuted="0" disconnected="0" warning="0" passed="0" completed="0" inProgress="0" pending="0" />
  </ResultSummary>
  <TestDefinitions>
    <UnitTest name="CellsWithTwoOrThreeNeighboursLiveOn" storage="c:\users\kalwal\documents\visual studio 2010\projects\gol.tests\gol.tests\bin\debug\gol.tests.dll" id="030517c0-f8e4-32b0-d788-f4ccb131bc6b">
      <Execution id="c7286775-a217-4f81-9264-88f68e0f9338" />
      <TestMethod codeBase="C:/Users/kalwal/documents/visual studio 2010/Projects/GoL.Tests/GoL.Tests/bin/Debug/GoL.Tests.DLL" adapterTypeName="Microsoft.VisualStudio.TestTools.TestTypes.Unit.UnitTestAdapter, Microsoft.VisualStudio.QualityTools.Tips.UnitTest.Adapter, Version=10.0.0.0, Culture=neutral, PublicKeyToken=b03f5f7f11d50a3a" className="GoL.Tests.UnitTests, GoL.Tests, Version=1.0.0.0, Culture=neutral, PublicKeyToken=null" name="CellsWithTwoOrThreeNeighboursLiveOn" />
    </UnitTest>
  </TestDefinitions>
  <TestLists>
    <TestList name="Results Not in a List" id="8c84fa94-04c1-424b-9868-57a2d4851a1d" />
    <TestList name="All Loaded Results" id="19431567-8539-422a-85d7-44ee4e166bda" />
  </TestLists>
  <TestEntries>
    <TestEntry testId="030517c0-f8e4-32b0-d788-f4ccb131bc6b" executionId="c7286775-a217-4f81-9264-88f68e0f9338" testListId="8c84fa94-04c1-424b-9868-57a2d4851a1d" />
  </TestEntries>
  <Results>
    <UnitTestResult executionId="c7286775-a217-4f81-9264-88f68e0f9338" testId="030517c0-f8e4-32b0-d788-f4ccb131bc6b" testName="CellsWithTwoOrThreeNeighboursLiveOn" computerName="SEGOT-3TT45Q1" duration="00:00:00.1880811" startTime="2012-09-17T16:31:21.6626273+02:00" endTime="2012-09-17T16:31:22.6146818+02:00" testType="13cdc9d9-ddb5-4fa4-a97d-d965ccfc6d4b" outcome="Failed" testListId="8c84fa94-04c1-424b-9868-57a2d4851a1d" relativeResultsDirectory="c7286775-a217-4f81-9264-88f68e0f9338">
      <Output>
        <ErrorInfo>
          <Message>Test method GoL.Tests.UnitTests.CellsWithTwoOrThreeNeighboursLiveOn threw exception: 
System.NullReferenceException: Object reference not set to an instance of an object.</Message>
          <StackTrace>    at GoL.Tests.UnitTests.CellsWithTwoOrThreeNeighboursLiveOn() in C:\Users\kalwal\documents\visual studio 2010\Projects\GoL.Tests\GoL.Tests\UnitTests.cs:line 40
</StackTrace>
        </ErrorInfo>
      </Output>
    </UnitTestResult>
  </Results>
</TestRun>